// Jest Snapshot v1, https://goo.gl/fbAQLP

exports[`is accessible and matches snapshot 1`] = `
<div>
  <div
    class="eventDetailsButtons"
  >
    <div>
      <button
        class="backButton"
      >
        <div
          class="backIconWrapper"
        >
          <svg
            class="Icon-module_icon__1Jtzj icon_hds-icon__1YqNC Icon-module_s__2WGWe icon_hds-icon--size-s__2Lkik"
            viewBox="0 0 24 24"
            xmlns="http://www.w3.org/2000/svg"
          >
            <g
              fill="none"
              fill-rule="evenodd"
            >
              <path
                d="M0 0h24v24H0z"
              />
              <path
                d="M10 5.636l1.414 1.414L7.465 11H20v2H7.464l3.95 3.95L10 18.364 3.636 12z"
                fill="currentColor"
              />
            </g>
          </svg>
        </div>
        <span>
          Tapahtumat
        </span>
      </button>
    </div>
    <div
      class="eventLanguageSelector"
    >
      <button
        class="languageButton isSelected"
        type="button"
      >
        <div
          class="buttonIconWrapper isCompleted"
        >
          <svg
            class="Icon-module_icon__1Jtzj icon_hds-icon__1YqNC Icon-module_s__2WGWe icon_hds-icon--size-s__2Lkik"
            viewBox="0 0 24 24"
            xmlns="http://www.w3.org/2000/svg"
          >
            <g
              fill="none"
              fill-rule="evenodd"
            >
              <path
                d="M0 0h24v24H0z"
              />
              <path
                d="M20.763 7.414L10 18l-5.5-5.5 1.25-1.25 4.25 4L19.35 6z"
                fill="currentColor"
              />
            </g>
          </svg>
        </div>
        <span>
          Suomi
        </span>
      </button>
      <button
        class="languageButton isDisabled"
        disabled=""
        type="button"
      >
        <div
          class="buttonIconWrapper"
        >
          <svg
            class="Icon-module_icon__1Jtzj icon_hds-icon__1YqNC Icon-module_s__2WGWe icon_hds-icon--size-s__2Lkik"
            viewBox="0 0 24 24"
            xmlns="http://www.w3.org/2000/svg"
          >
            <g
              fill="none"
              fill-rule="evenodd"
            >
              <path
                d="M0 0h24v24H0z"
              />
              <path
                d="M12 2c5.523 0 10 4.477 10 10s-4.477 10-10 10S2 17.523 2 12 6.477 2 12 2zm0 2a8 8 0 100 16 8 8 0 000-16zm1 6v6.5h2V18H9v-1.5h2v-5H9V10h4zm-1.187-4a1.312 1.312 0 110 2.625 1.312 1.312 0 010-2.625z"
                fill="currentColor"
              />
            </g>
          </svg>
        </div>
        <span>
          Ruotsi
        </span>
      </button>
      <button
        class="languageButton isDisabled"
        disabled=""
        type="button"
      >
        <div
          class="buttonIconWrapper"
        >
          <svg
            class="Icon-module_icon__1Jtzj icon_hds-icon__1YqNC Icon-module_s__2WGWe icon_hds-icon--size-s__2Lkik"
            viewBox="0 0 24 24"
            xmlns="http://www.w3.org/2000/svg"
          >
            <g
              fill="none"
              fill-rule="evenodd"
            >
              <path
                d="M0 0h24v24H0z"
              />
              <path
                d="M12 2c5.523 0 10 4.477 10 10s-4.477 10-10 10S2 17.523 2 12 6.477 2 12 2zm0 2a8 8 0 100 16 8 8 0 000-16zm1 6v6.5h2V18H9v-1.5h2v-5H9V10h4zm-1.187-4a1.312 1.312 0 110 2.625 1.312 1.312 0 010-2.625z"
                fill="currentColor"
              />
            </g>
          </svg>
        </div>
        <span>
          Englanti
        </span>
      </button>
    </div>
  </div>
</div>
`;
