// Jest Snapshot v1, https://goo.gl/fbAQLP

exports[`matches snapshot 1`] = `
<div>
  <div
    class="badgeContainer"
  >
    <div
      class="approvedSeats"
    >
      <span
        aria-hidden="true"
      >
        10
      </span>
      <div
        class="srOnly"
      >
        10 hyv채ksytty
      </div>
    </div>
    <div
      class="pendingSeats"
    >
      <span
        aria-hidden="true"
      >
        10
      </span>
      <div
        class="srOnly"
      >
        10 hyv채ksym채tt채
      </div>
    </div>
  </div>
</div>
`;
