// Jest Snapshot v1, https://goo.gl/fbAQLP

exports[`test issues in connection between the apollo client and the RCHCH-lib apollo client should work with RCHC-lib renders component that needs the apollo client with a custom wrapper [Function ApolloClientFromUseApolloClient] 1`] = `
<div>
  <div>
    3.7.16
  </div>
</div>
`;

exports[`test issues in connection between the apollo client and the RCHCH-lib apollo client should work with RCHC-lib renders component that needs the apollo client with a custom wrapper [Function ApolloClientFromUseConfig] 1`] = `
<div>
  <div>
    3.7.16
  </div>
</div>
`;

exports[`test issues in connection between the apollo client and the RCHCH-lib apollo client should work with RCHC-lib renders component that needs the apollo client with a custom wrapper [Function ApolloNavigationComponent] 1`] = `<div />`;
