// Jest Snapshot v1, https://goo.gl/fbAQLP

exports[`matches snapshot 1`] = `
<div>
  <div
    class="menuDropdown"
  >
    <button
      aria-expanded="true"
      aria-haspopup="true"
      aria-label="Avaa käyttäjän valikko"
      class="dropdownButton"
      type="button"
    >
      <div
        class="iconWrapper"
      >
        <svg
          class="Icon-module_icon__1Jtzj icon_hds-icon__1YqNC Icon-module_s__2WGWe icon_hds-icon--size-s__2Lkik"
          role="img"
          viewBox="0 0 24 24"
          xmlns="http://www.w3.org/2000/svg"
        >
          <g
            fill="none"
            fill-rule="evenodd"
          >
            <path
              d="M0 0h24v24H0z"
            />
            <path
              d="M16.267 13a4.733 4.733 0 014.728 4.517l.005.216V22H3v-4.267a4.733 4.733 0 014.517-4.728L7.733 13h8.534zm-8.534 2a2.733 2.733 0 00-2.728 2.567L5 17.733V20h14v-2.267c0-1.416-1.107-2.636-2.46-2.726l-.163-.005L7.733 15zM12 2a5 5 0 110 10 5 5 0 010-10zm0 2a3 3 0 100 6 3 3 0 000-6z"
              fill="currentColor"
            />
          </g>
        </svg>
      </div>
      <div
        class="textWrapper"
      >
        Testi Testaaja
        <svg
          class="Icon-module_icon__1Jtzj icon_hds-icon__1YqNC Icon-module_s__2WGWe icon_hds-icon--size-s__2Lkik iconAngle iconAngleUp"
          role="img"
          viewBox="0 0 24 24"
          xmlns="http://www.w3.org/2000/svg"
        >
          <g
            fill="none"
            fill-rule="evenodd"
          >
            <path
              d="M0 0h24v24H0z"
            />
            <path
              d="M12 13.5l5-5 1.5 1.5-6.5 6.5L5.5 10 7 8.5z"
              fill="currentColor"
            />
          </g>
        </svg>
      </div>
    </button>
    <ul
      class="dropdownMenu isOpen"
      role="menu"
    >
      <li
        class="menuItem"
        role="menuitem"
        tabindex="0"
      >
        <div
          class="menuItemIconWrapper"
        >
          <svg
            class="Icon-module_icon__1Jtzj icon_hds-icon__1YqNC Icon-module_s__2WGWe icon_hds-icon--size-s__2Lkik"
            role="img"
            viewBox="0 0 24 24"
            xmlns="http://www.w3.org/2000/svg"
          >
            <g
              fill="none"
              fill-rule="evenodd"
            >
              <path
                d="M0 0h24v24H0z"
              />
              <path
                d="M16.267 13a4.733 4.733 0 014.728 4.517l.005.216V22H3v-4.267a4.733 4.733 0 014.517-4.728L7.733 13h8.534zm-8.534 2a2.733 2.733 0 00-2.728 2.567L5 17.733V20h14v-2.267c0-1.416-1.107-2.636-2.46-2.726l-.163-.005L7.733 15zM12 2a5 5 0 110 10 5 5 0 010-10zm0 2a3 3 0 100 6 3 3 0 000-6z"
                fill="currentColor"
              />
            </g>
          </svg>
        </div>
        Omat tiedot
      </li>
      <li
        class="menuItem"
        role="menuitem"
        tabindex="0"
      >
        <div
          class="menuItemIconWrapper"
        >
          <svg
            class="Icon-module_icon__1Jtzj icon_hds-icon__1YqNC Icon-module_s__2WGWe icon_hds-icon--size-s__2Lkik"
            role="img"
            viewBox="0 0 24 24"
            xmlns="http://www.w3.org/2000/svg"
          >
            <g
              fill="none"
              fill-rule="evenodd"
            >
              <polygon
                points="0 24 0 0 24 0 24 24"
              />
              <polygon
                fill="currentColor"
                points="13.5 12 8.5 7 10 5.5 16.5 12 10 18.5 8.5 17"
              />
            </g>
          </svg>
        </div>
        Organisaatio 1
      </li>
      <li
        class="menuItem"
        role="menuitem"
        tabindex="0"
      >
        <div
          class="menuItemIconWrapper"
        >
          <svg
            class="Icon-module_icon__1Jtzj icon_hds-icon__1YqNC Icon-module_s__2WGWe icon_hds-icon--size-s__2Lkik"
            role="img"
            viewBox="0 0 24 24"
            xmlns="http://www.w3.org/2000/svg"
          >
            <g
              fill="none"
              fill-rule="evenodd"
            >
              <polygon
                points="0 24 0 0 24 0 24 24"
              />
              <polygon
                fill="currentColor"
                points="13.5 12 8.5 7 10 5.5 16.5 12 10 18.5 8.5 17"
              />
            </g>
          </svg>
        </div>
        Organisaatio 2
      </li>
      <li
        class="menuItem"
        role="menuitem"
        tabindex="0"
      >
        <div
          class="menuItemIconWrapper"
        >
          <svg
            class="Icon-module_icon__1Jtzj icon_hds-icon__1YqNC Icon-module_s__2WGWe icon_hds-icon--size-s__2Lkik"
            role="img"
            viewBox="0 0 24 24"
            xmlns="http://www.w3.org/2000/svg"
          >
            <g
              fill="none"
              fill-rule="evenodd"
            >
              <polygon
                points="0 24 0 0 24 0 24 24"
              />
              <polygon
                fill="currentColor"
                points="13.5 12 8.5 7 10 5.5 16.5 12 10 18.5 8.5 17"
              />
            </g>
          </svg>
        </div>
        Organisaatio 3
      </li>
      <li
        class="menuItem"
        role="menuitem"
        tabindex="0"
      >
        <div
          class="menuItemIconWrapper"
        >
          <svg
            class="Icon-module_icon__1Jtzj icon_hds-icon__1YqNC Icon-module_s__2WGWe icon_hds-icon--size-s__2Lkik"
            role="img"
            viewBox="0 0 24 24"
            xmlns="http://www.w3.org/2000/svg"
          >
            <g
              fill="none"
              fill-rule="evenodd"
            >
              <rect
                height="24"
                width="24"
              />
              <polygon
                fill="currentColor"
                points="10.5 5.5 12 7 8 11 20.5 11 20.5 13 8 13 12 17 10.5 18.5 4 12"
                transform="matrix(-1 0 0 1 24.5 0)"
              />
            </g>
          </svg>
        </div>
        Kirjaudu ulos
      </li>
    </ul>
  </div>
</div>
`;
