// Vitest Snapshot v1, https://vitest.dev/guide/snapshot.html

exports[`TextWithLineBreaks matches snapshot 1`] = `
<div>
  Line 1
  <br />
    Line 2
</div>
`;
