// Jest Snapshot v1, https://goo.gl/fbAQLP

exports[`MobileNavbar matches snapshot 1`] = `"<div class=\\"container\\"><div class=\\"mobileNavbar\\"><a aria-label=\\"Etusivu\\" class=\\"logoWrapper\\" href=\\"/\\"><div class=\\"logo\\"></div><div class=\\"appName\\">Palvelutarjotin Admin</div></a><div class=\\"buttonWrapper\\"><button class=\\"menuButton\\" aria-label=\\"Avaa valikko\\"><svg xmlns=\\"http://www.w3.org/2000/svg\\" width=\\"100%\\" height=\\"100%\\" viewBox=\\"0 0 24 24\\" class=\\"\\"><path d=\\"M1.01301075,4.01419355 L22.9875806,4.01419355 L22.9875806,6.61634409 L1.01301075,6.61634409 L1.01301075,4.01419355 Z M1.01301075,17.7482258 L22.9875806,17.7482258 L22.9875806,20.3503763 L1.01301075,20.3503763 L1.01301075,17.7482258 Z M1.01301075,10.8815054 L22.9875806,10.8815054 L22.9875806,13.4836559 L1.01301075,13.4836559 L1.01301075,10.8815054 Z\\"></path></svg></button></div></div></div><div aria-hidden=\\"true\\" class=\\"mobileMenu\\" style=\\"visibility:hidden\\"><div class=\\"linkWrapper\\"><ul></ul></div><div class=\\"languageSelectWrapper\\"><ul><li class=\\"languageLink isSelected\\"><a lang=\\"fi\\" href=\\"/\\">Suomeksi</a></li><li class=\\"languageLink\\"><a lang=\\"sv\\" href=\\"/\\">PÃ¥ svenska</a></li><li class=\\"languageLink\\"><a lang=\\"en\\" href=\\"/\\">In English</a></li></ul></div></div>"`;
