// Jest Snapshot v1, https://goo.gl/fbAQLP

exports[`PageWrapper matches snapshot 1`] = `
<div
  class="pageWrapper"
/>
`;
