// Vitest Snapshot v1, https://vitest.dev/guide/snapshot.html

exports[`PageLayout matches snapshot 1`] = `
<div
  class="pageLayout"
>
  <header
    class="hds-header Header-module_header__291GF"
    style="--header-max-width: var(--breakpoint-xl);"
  >
    <div
      class="Header-module_headerBackgroundWrapper__KsFy2"
    >
      <a
        class="SkipLink-module_skipLink__1knzF"
        href="#main-content"
      >
        <span
          class="SkipLink-module_skipLinkLabel__21n5B"
        >
          Siirry sisältöön
        </span>
      </a>
      <div
        class="HeaderActionBar-module_headerActionBarContainer__5tfj-"
      >
        <div
          class="HeaderActionBar-module_headerActionBar__lPeGE"
        >
          <a
            aria-label="Helsingin kaupunki"
            class="HeaderActionBar-module_titleAndLogoContainer__2LEAb HeaderActionBar-module_logo__2r2T0"
            href="#"
            role="link"
          >
            <span
              class="HeaderActionBarLogo-module_logoWrapper__8NgfS"
            >
              <img
                alt="Helsinki"
                class="Logo-module_logo__Y2mwP Logo-module_large__3Tjj3"
                src="data:image/svg+xml;base64,PHN2ZyB2aWV3Qm94PSIwIDAgNzggMzYiIHRpdGxlPSJIZWxzaW5naW4ga2F1cHVua2kiIHJvbGU9ImltZyIgeG1sbnM9Imh0dHA6Ly93d3cudzMub3JnLzIwMDAvc3ZnIj4KICAgIDxwYXRoCiAgICAgICAgZD0iTTc1Ljc1MyAyLjI1MXYyMC43YzAgMy45NS0zLjI3NSA3LjE3OC03LjMxIDcuMTc4aC0yMi4yNmMtMi42NzQgMC01LjIwNS45Ni03LjE4MyAyLjczOWExMC43NDkgMTAuNzQ5IDAgMDAtNy4xODMtMi43NEg5LjUwOWMtNC4wMDMgMC03LjI0Ny0zLjIxLTcuMjQ3LTcuMTc3VjIuMjVoNzMuNDkxek00MC4xODcgMzQuODM1YTguNDcgOC40NyAwIDAxNi4wMTItMi40NzFoMjIuMjQ1YzUuMjY4IDAgOS41NTYtNC4yMTkgOS41NTYtOS40MTNWMEgwdjIyLjkzNWMwIDUuMTk0IDQuMjU2IDkuNDEzIDkuNTA5IDkuNDEzaDIyLjMwOGMyLjI2MyAwIDQuMzk4Ljg4MiA2LjAxMiAyLjQ3MUwzOS4wMTYgMzZsMS4xNy0xLjE2NXoiCiAgICAgICAgZmlsbD0iY3VycmVudENvbG9yIiAvPgogICAgPHBhdGgKICAgICAgICBkPSJNNjcuNTIyIDExLjY3NmMwIC42ODEtLjU1NiAxLjE3Ny0xLjI1NSAxLjE3Ny0uNyAwLTEuMjU1LS40OTYtMS4yNTUtMS4xNzcgMC0uNjgyLjU1Ni0xLjE3OCAxLjI1NS0xLjE3OC43LS4wMyAxLjI1NS40NjUgMS4yNTUgMS4xNzh6bS0yLjM1MiA5LjYyMmgyLjE3OHYtNy41NDZINjUuMTd2Ny41NDZ6bS0zLjkwOS00LjU1NmwyLjg0NSA0LjU1NmgtMi4zNjhsLTEuOTA3LTMuMDIyLTEuMDMzIDEuMjcxdjEuNzVoLTIuMTYxVjEwLjQ1M2gyLjE2djUuMDA0YzAgLjkzLS4xMSAxLjg2LS4xMSAxLjg2aC4wNDdzLjUwOS0uODIxLjkzOC0xLjQxbDEuNjUzLTIuMTU0aDIuNTQybC0yLjYwNiAyLjk5em0tNi44MTctLjI3OGMwLTEuODc1LS45MzgtMi44OTgtMi40MzItMi44OTgtMS4yNzEgMC0xLjkzOS43MjgtMi4zMiAxLjQyNmgtLjA0OGwuMTEyLTEuMjRoLTIuMTYydjcuNTQ2aDIuMTYyVjE2LjgyYzAtLjg2OC41MjQtMS40NzIgMS4zMzUtMS40NzIuODEgMCAxLjE2LjUyNyAxLjE2IDEuNTM0djQuNDE2aDIuMTc3bC4wMTYtNC44MzR6bS04LjkzMS00Ljc4OGMwIC42ODEtLjU1NyAxLjE3Ny0xLjI1NiAxLjE3Ny0uNyAwLTEuMjU1LS40OTYtMS4yNTUtMS4xNzcgMC0uNjgyLjU1Ni0xLjE3OCAxLjI1NS0xLjE3OC43MTUtLjAzIDEuMjU2LjQ2NSAxLjI1NiAxLjE3OHptLTIuMzUyIDkuNjIyaDIuMTc3di03LjU0Nkg0My4xNnY3LjU0NnptLTMuNzUtMi4xMDdjMC0uNjA1LS44NTktLjcyOS0xLjg2LTEuMDA4LTEuMTYtLjI5NC0yLjYyMi0uODY3LTIuNjIyLTIuMzA4IDAtMS40MjYgMS4zOTgtMi4zMjQgMy4wNTEtMi4zMjQgMS41NDEgMCAyLjk1Ni43MTIgMy41NDQgMS43MmwtMS44NiAxLjAyMmMtLjE5LS42NjYtLjc2Mi0xLjE5My0xLjYyLTEuMTkzLS41NTcgMC0xLjAxOC4yMzItMS4wMTguNjgyIDAgLjU3MyAxLjAxOC42MzUgMi4xNjIuOTkxIDEuMjA4LjM3MiAyLjMyLjkxNSAyLjMyIDIuMjk0IDAgMS41MTgtMS40NDYgMi40MTctMy4xMTUgMi40MTctMS44MTEgMC0zLjI0Mi0uNzQ0LTMuODc3LTEuOTUybDEuODktMS4wMzljLjI0LjgyMi45MjIgMS40NDEgMS45NTUgMS40NDEuNjIgMCAxLjA1LS4yNDggMS4wNS0uNzQzem0tNi44ODItOC42NzdoLTIuMTc3djguNjkyYzAgLjc3NS4xNzUgMS4zNDguNTA5IDEuNzA1LjM1LjM1Ni44OS41MjYgMS42MzYuNTI2LjI1NSAwIC41MjUtLjAzLjc4LS4wNzcuMjctLjA2Mi40NzYtLjE0LjY1LS4yMzNsLjE5MS0xLjQyNWEyLjA3IDIuMDcgMCAwMS0uNDYuMTI0Yy0uMTI4LjAzLS4yODcuMDMtLjQ2MS4wMy0uMjg2IDAtLjQxNC0uMDc3LS41MDktLjIxNi0uMTExLS4xNC0uMTU5LS4zODctLjE1OS0uNzQ0di04LjM4MnptLTcuMjQ2IDQuNTdjLS43OTUgMC0xLjQ0Ni41NTgtMS42MjEgMS41ODFoMy4wNWMuMDE3LS44OTktLjU4Ny0xLjU4LTEuNDMtMS41OHptMy4zNTMgMy4wMDdIMjMuNjNjLjA5NSAxLjIyNC43OTQgMS44MjggMS43IDEuODI4LjgxIDAgMS4zNjctLjUyNyAxLjQ5NC0xLjI0bDEuODI4IDEuMDA3Yy0uNTQuOTYxLTEuNyAxLjc5OC0zLjMyMiAxLjc5OC0yLjE2IDAtMy43NS0xLjQ3Mi0zLjc1LTMuOTUxIDAtMi40NjQgMS42Mi0zLjk1MSAzLjcwMy0zLjk1MSAyLjA4MSAwIDMuNDY0IDEuNDQgMy40NjQgMy40ODYtLjAxNi42MDQtLjExMSAxLjAyMy0uMTExIDEuMDIzem0tMTEuMDc3IDMuMjA3aDIuMjU3VjEwLjkxNmgtMi4yNTd2NC4xMDdoLTQuMjQzdi00LjA5MUgxMS4wNnYxMC4zNjZoMi4yNTZ2LTQuMjkyaDQuMjQzdjQuMjkyeiIKICAgICAgICBmaWxsPSJjdXJyZW50Q29sb3IiIC8+Cjwvc3ZnPg=="
              />
            </span>
          </a>
          <a
            class="HeaderActionBar-module_titleAndLogoContainer__2LEAb HeaderActionBar-module_title__opzt9 HeaderActionBar-module_normal__3B4qi"
            href="#"
          >
            <span
              class="HeaderActionBar-module_title__opzt9"
            >
              Kultus Admin
            </span>
          </a>
          <div
            class="HeaderActionBar-module_headerActions__3lNnM"
          >
            <div
              class="HeaderLanguageSelector-module_languageSelector__3d38B"
            >
              <div
                class="HeaderLanguageSelector-module_languageNodes__lTe8p"
              >
                <button
                  aria-current="true"
                  class="HeaderLanguageSelector-module_item__3_I7N HeaderLanguageSelector-module_activeItem__15LKg"
                  lang="fi"
                  type="button"
                >
                  <span>
                    Suomi
                  </span>
                </button>
                <button
                  aria-current="false"
                  class="HeaderLanguageSelector-module_item__3_I7N"
                  lang="sv"
                  type="button"
                >
                  <span>
                    Svenska
                  </span>
                </button>
                <button
                  aria-current="false"
                  class="HeaderLanguageSelector-module_item__3_I7N"
                  lang="en"
                  type="button"
                >
                  <span>
                    English
                  </span>
                </button>
              </div>
            </div>
            <div
              class="HeaderActionBarItem-module_container__1uq2m HeaderActionBarItem-module_hasContent__YJfOU HeaderActionBarItem-module_hasSubItems__1LVkh"
              id="user-menu"
            >
              <button
                aria-controls="user-menu-dropdown"
                aria-expanded="false"
                aria-label="Avaa käyttäjän valikko"
                class="HeaderActionBarItemButton-module_actionBarItemButton__2ALyH HeaderActionBarItem-module_icon__1Ug_k HeaderActionBarItemButton-module_hasSubItems__3wX3Y"
                type="button"
              >
                <div
                  class="HeaderActionBarItemButton-module_buttonContent__3JeY0"
                >
                  <span>
                    <span
                      class="HeaderActionBarItemButton-module_actionBarItemButtonIcon__1_1Cg"
                    >
                      <svg
                        aria-hidden="true"
                        aria-label="user"
                        class="Icon-module_icon__1Jtzj icon_hds-icon__1YqNC Icon-module_s__2WGWe icon_hds-icon--size-s__2Lkik"
                        role="img"
                        viewBox="0 0 24 24"
                        xmlns="http://www.w3.org/2000/svg"
                      >
                        <path
                          clip-rule="evenodd"
                          d="M16.2667 13C18.8082 13 20.8819 15.0031 20.9951 17.5167L21 17.7333V22H3V17.7333C3 15.1918 5.00309 13.1181 7.51667 13.0049L7.73333 13H16.2667ZM7.73333 15C6.27966 15 5.09104 16.1348 5.00499 17.5668L5 17.7333V20H19V17.7333C19 16.3172 17.8926 15.0973 16.54 15.0075L16.3766 15.0022L7.73333 15ZM12 2C14.7614 2 17 4.23858 17 7C17 9.76142 14.7614 12 12 12C9.23858 12 7 9.76142 7 7C7 4.23858 9.23858 2 12 2ZM12 4C10.3431 4 9 5.34315 9 7C9 8.65685 10.3431 10 12 10C13.6569 10 15 8.65685 15 7C15 5.34315 13.6569 4 12 4Z"
                          fill="currentColor"
                          fill-rule="evenodd"
                        />
                      </svg>
                    </span>
                    <span
                      class="HeaderActionBarItemButton-module_actionBarItemButtonLabel__12Iec"
                    >
                      John Doe
                    </span>
                  </span>
                  <svg
                    aria-hidden="true"
                    aria-label="angle-down"
                    class="Icon-module_icon__1Jtzj icon_hds-icon__1YqNC Icon-module_s__2WGWe icon_hds-icon--size-s__2Lkik"
                    role="img"
                    viewBox="0 0 24 24"
                    xmlns="http://www.w3.org/2000/svg"
                  >
                    <path
                      clip-rule="evenodd"
                      d="M12 13.5L17 8.5L18.5 10L12 16.5L5.5 10L7 8.5L12 13.5Z"
                      fill="currentColor"
                      fill-rule="evenodd"
                    />
                  </svg>
                </div>
              </button>
              <div
                class="HeaderActionBarItem-module_dropdownWrapper__39cBw"
              >
                <div
                  class="HeaderActionBarItem-module_dropdown__3daDZ userMenuDropdown HeaderActionBarItem-module_hasContent__YJfOU HeaderActionBarItem-module_hasSubItems__1LVkh"
                  id="user-menu-dropdown"
                >
                  <ul>
                    <button
                      class="Button-module_button__1msFE button_hds-button__2A0je Button-module_supplementary__3YKiS button_hds-button--supplementary__GcHcV dropdownButton"
                      type="button"
                    >
                      <div
                        aria-hidden="true"
                        class="Button-module_icon__O-h7R button_hds-icon__17j8Z"
                      >
                        <svg
                          aria-hidden="true"
                          aria-label="user"
                          class="Icon-module_icon__1Jtzj icon_hds-icon__1YqNC Icon-module_s__2WGWe icon_hds-icon--size-s__2Lkik"
                          role="img"
                          viewBox="0 0 24 24"
                          xmlns="http://www.w3.org/2000/svg"
                        >
                          <path
                            clip-rule="evenodd"
                            d="M16.2667 13C18.8082 13 20.8819 15.0031 20.9951 17.5167L21 17.7333V22H3V17.7333C3 15.1918 5.00309 13.1181 7.51667 13.0049L7.73333 13H16.2667ZM7.73333 15C6.27966 15 5.09104 16.1348 5.00499 17.5668L5 17.7333V20H19V17.7333C19 16.3172 17.8926 15.0973 16.54 15.0075L16.3766 15.0022L7.73333 15ZM12 2C14.7614 2 17 4.23858 17 7C17 9.76142 14.7614 12 12 12C9.23858 12 7 9.76142 7 7C7 4.23858 9.23858 2 12 2ZM12 4C10.3431 4 9 5.34315 9 7C9 8.65685 10.3431 10 12 10C13.6569 10 15 8.65685 15 7C15 5.34315 13.6569 4 12 4Z"
                            fill="currentColor"
                            fill-rule="evenodd"
                          />
                        </svg>
                      </div>
                      <span
                        class="Button-module_label__a4np1 button_hds-button__label__2EQa-"
                      >
                        Omat tiedot
                      </span>
                    </button>
                    <button
                      class="Button-module_button__1msFE button_hds-button__2A0je Button-module_supplementary__3YKiS button_hds-button--supplementary__GcHcV dropdownButton"
                      type="button"
                    >
                      <div
                        aria-hidden="true"
                        class="Button-module_icon__O-h7R button_hds-icon__17j8Z"
                      >
                        <svg
                          aria-hidden="true"
                          aria-label="link-external"
                          class="Icon-module_icon__1Jtzj icon_hds-icon__1YqNC Icon-module_s__2WGWe icon_hds-icon--size-s__2Lkik"
                          role="img"
                          viewBox="0 0 24 24"
                          xmlns="http://www.w3.org/2000/svg"
                        >
                          <path
                            clip-rule="evenodd"
                            d="M5 3V19H21V21H3V3H5ZM21 3V12H19V6.413L9.91421 15.5L8.5 14.0858L17.585 5H12V3H21Z"
                            fill="currentColor"
                            fill-rule="evenodd"
                          />
                        </svg>
                      </div>
                      <span
                        class="Button-module_label__a4np1 button_hds-button__label__2EQa-"
                      >
                        Helsinki-profiili
                      </span>
                    </button>
                    <button
                      class="Button-module_button__1msFE button_hds-button__2A0je Button-module_supplementary__3YKiS button_hds-button--supplementary__GcHcV dropdownButton"
                      type="button"
                    >
                      <div
                        aria-hidden="true"
                        class="Button-module_icon__O-h7R button_hds-icon__17j8Z"
                      >
                        <svg
                          aria-hidden="true"
                          aria-label="signout"
                          class="Icon-module_icon__1Jtzj icon_hds-icon__1YqNC Icon-module_s__2WGWe icon_hds-icon--size-s__2Lkik"
                          role="img"
                          viewBox="0 0 24 24"
                          xmlns="http://www.w3.org/2000/svg"
                        >
                          <path
                            clip-rule="evenodd"
                            d="M16 2V7H14V4H5V20H14V17H16V22H3V2H16ZM18 7L23 12L18 17L16.5 15.5L19 12.999L8 13V11L18.999 10.999L16.5 8.5L18 7Z"
                            fill="currentColor"
                            fill-rule="evenodd"
                          />
                        </svg>
                      </div>
                      <span
                        class="Button-module_label__a4np1 button_hds-button__label__2EQa-"
                      >
                        Kirjaudu ulos
                      </span>
                    </button>
                  </ul>
                </div>
              </div>
            </div>
          </div>
        </div>
      </div>
      <div
        class="HeaderNavigationMenu-module_headerNavigationMenuContainer__2nK9z"
      >
        <nav
          class="HeaderNavigationMenu-module_headerNavigationMenu__3G6-N"
        >
          <ul
            class="HeaderNavigationMenu-module_headerNavigationMenuList__3HIzx"
          >
            <li>
              <span
                class="HeaderNavigationMenu-module_headerNavigationMenuLinkContent__3zC2j"
              >
                <span
                  class="HeaderLink-module_navigationLinkWrapper__2jd7A"
                >
                  <a
                    class="HeaderLink-module_headerLink__2i9-J HeaderNavigationMenu-module_headerNavigationMenuLink__H_ogS"
                    data-discover="true"
                    href="/fi/cms-page/mika-kultus-2/"
                    id="cG9zdDo0MDk="
                  >
                    Mikä kultus?
                  </a>
                  <button
                    aria-expanded="false"
                    aria-label="Avaa alasvetovalikko."
                    class="HeaderLinkDropdown-module_button__2xVuy HeaderLinkDropdown-module_depth-0__Xeyks"
                    data-testid="dropdown-button-0"
                    type="button"
                  >
                    <svg
                      aria-hidden="true"
                      aria-label="angle-down"
                      class="Icon-module_icon__1Jtzj icon_hds-icon__1YqNC Icon-module_s__2WGWe icon_hds-icon--size-s__2Lkik HeaderLinkDropdown-module_chevron__1KsTd"
                      role="img"
                      viewBox="0 0 24 24"
                      xmlns="http://www.w3.org/2000/svg"
                    >
                      <path
                        clip-rule="evenodd"
                        d="M12 13.5L17 8.5L18.5 10L12 16.5L5.5 10L7 8.5L12 13.5Z"
                        fill="currentColor"
                        fill-rule="evenodd"
                      />
                    </svg>
                  </button>
                  <ul
                    class="HeaderLinkDropdown-module_dropdownMenu__3oeWC"
                    data-testid="dropdown-menu-0"
                    style="display: none;"
                  >
                    <li>
                      <span
                        class="HeaderLink-module_navigationLinkWrapper__2jd7A"
                      >
                        <a
                          class="HeaderLink-module_headerLink__2i9-J HeaderLinkDropdown-module_dropdownLink__2UIF3"
                          data-discover="true"
                          href="/fi/cms-page/mika-kultus-2/katrin-testisivu/"
                          id="cG9zdDo0MTE="
                        >
                          Katrin testisivu
                        </a>
                      </span>
                    </li>
                  </ul>
                </span>
              </span>
            </li>
            <li>
              <span
                class="HeaderNavigationMenu-module_headerNavigationMenuLinkContent__3zC2j"
              >
                <span
                  class="HeaderLink-module_navigationLinkWrapper__2jd7A"
                >
                  <a
                    class="HeaderLink-module_headerLink__2i9-J HeaderNavigationMenu-module_headerNavigationMenuLink__H_ogS"
                    data-discover="true"
                    href="/fi/cms-page/kulttuurikasvatus/"
                    id="cG9zdDo0MTI="
                  >
                    Kulttuurikasvatus
                  </a>
                  <button
                    aria-expanded="false"
                    aria-label="Avaa alasvetovalikko."
                    class="HeaderLinkDropdown-module_button__2xVuy HeaderLinkDropdown-module_depth-0__Xeyks"
                    data-testid="dropdown-button-1"
                    type="button"
                  >
                    <svg
                      aria-hidden="true"
                      aria-label="angle-down"
                      class="Icon-module_icon__1Jtzj icon_hds-icon__1YqNC Icon-module_s__2WGWe icon_hds-icon--size-s__2Lkik HeaderLinkDropdown-module_chevron__1KsTd"
                      role="img"
                      viewBox="0 0 24 24"
                      xmlns="http://www.w3.org/2000/svg"
                    >
                      <path
                        clip-rule="evenodd"
                        d="M12 13.5L17 8.5L18.5 10L12 16.5L5.5 10L7 8.5L12 13.5Z"
                        fill="currentColor"
                        fill-rule="evenodd"
                      />
                    </svg>
                  </button>
                  <ul
                    class="HeaderLinkDropdown-module_dropdownMenu__3oeWC"
                    data-testid="dropdown-menu-1"
                    style="display: none;"
                  >
                    <li>
                      <span
                        class="HeaderLink-module_navigationLinkWrapper__2jd7A"
                      >
                        <a
                          class="HeaderLink-module_headerLink__2i9-J HeaderLinkDropdown-module_dropdownLink__2UIF3"
                          data-discover="true"
                          href="/fi/cms-page/kulttuurikasvatus/kulttuuripolulla-kulttuuria-kaikille/"
                          id="cG9zdDo0MTQ="
                        >
                          Kulttuuripolulla kulttuuria kaikille
                        </a>
                      </span>
                    </li>
                    <li>
                      <span
                        class="HeaderLink-module_navigationLinkWrapper__2jd7A"
                      >
                        <a
                          class="HeaderLink-module_headerLink__2i9-J HeaderLinkDropdown-module_dropdownLink__2UIF3"
                          data-discover="true"
                          href="/fi/cms-page/kulttuurikasvatus/kulttuurikoordinaattori-olet-meille-tarkea/"
                          id="cG9zdDo0MTU="
                        >
                          Kulttuurikoordinaattori, olet meille tärkeä!
                        </a>
                      </span>
                    </li>
                    <li>
                      <span
                        class="HeaderLink-module_navigationLinkWrapper__2jd7A"
                      >
                        <a
                          class="HeaderLink-module_headerLink__2i9-J HeaderLinkDropdown-module_dropdownLink__2UIF3"
                          data-discover="true"
                          href="/fi/cms-page/kulttuurikasvatus/kulttuurikasvatuksen-kasitteita/"
                          id="cG9zdDo0MTY="
                        >
                          Kulttuurikasvatuksen käsitteitä
                        </a>
                      </span>
                    </li>
                  </ul>
                </span>
              </span>
            </li>
            <li>
              <span
                class="HeaderNavigationMenu-module_headerNavigationMenuLinkContent__3zC2j"
              >
                <span
                  class="HeaderLink-module_navigationLinkWrapper__2jd7A"
                >
                  <a
                    class="HeaderLink-module_headerLink__2i9-J HeaderNavigationMenu-module_headerNavigationMenuLink__H_ogS"
                    data-discover="true"
                    href="/fi/cms-page/oppimateriaalit-2/"
                    id="cG9zdDo0MTc="
                  >
                    Oppimateriaalit
                  </a>
                  <button
                    aria-expanded="false"
                    aria-label="Avaa alasvetovalikko."
                    class="HeaderLinkDropdown-module_button__2xVuy HeaderLinkDropdown-module_depth-0__Xeyks"
                    data-testid="dropdown-button-2"
                    type="button"
                  >
                    <svg
                      aria-hidden="true"
                      aria-label="angle-down"
                      class="Icon-module_icon__1Jtzj icon_hds-icon__1YqNC Icon-module_s__2WGWe icon_hds-icon--size-s__2Lkik HeaderLinkDropdown-module_chevron__1KsTd"
                      role="img"
                      viewBox="0 0 24 24"
                      xmlns="http://www.w3.org/2000/svg"
                    >
                      <path
                        clip-rule="evenodd"
                        d="M12 13.5L17 8.5L18.5 10L12 16.5L5.5 10L7 8.5L12 13.5Z"
                        fill="currentColor"
                        fill-rule="evenodd"
                      />
                    </svg>
                  </button>
                  <ul
                    class="HeaderLinkDropdown-module_dropdownMenu__3oeWC"
                    data-testid="dropdown-menu-2"
                    style="display: none;"
                  >
                    <li>
                      <span
                        class="HeaderLink-module_navigationLinkWrapper__2jd7A"
                      >
                        <a
                          class="HeaderLink-module_headerLink__2i9-J HeaderLinkDropdown-module_dropdownLink__2UIF3"
                          data-discover="true"
                          href="/fi/cms-page/oppimateriaalit-2/ylakoulu-ja-toinen-aste/"
                          id="cG9zdDo0MTk="
                        >
                          Yläkoulu ja toinen aste
                        </a>
                      </span>
                    </li>
                    <li>
                      <span
                        class="HeaderLink-module_navigationLinkWrapper__2jd7A"
                      >
                        <a
                          class="HeaderLink-module_headerLink__2i9-J HeaderLinkDropdown-module_dropdownLink__2UIF3"
                          data-discover="true"
                          href="/fi/cms-page/oppimateriaalit-2/varhaiskasvatus-ja-esiopetus/"
                          id="cG9zdDo0MjA="
                        >
                          Varhaiskasvatus ja esiopetus
                        </a>
                      </span>
                    </li>
                    <li>
                      <span
                        class="HeaderLink-module_navigationLinkWrapper__2jd7A"
                      >
                        <a
                          class="HeaderLink-module_headerLink__2i9-J HeaderLinkDropdown-module_dropdownLink__2UIF3"
                          data-discover="true"
                          href="/fi/cms-page/oppimateriaalit-2/alakoulu/"
                          id="cG9zdDo0MjE="
                        >
                          Alakoulu
                        </a>
                      </span>
                    </li>
                  </ul>
                </span>
              </span>
            </li>
          </ul>
        </nav>
      </div>
    </div>
  </header>
  <div
    class="pageBody"
    id="main-content"
  >
    <div
      class="pageWrapper registerNotificationPage"
    >
      <div
        class="bannerHeroContainer"
        data-testid="banner-hero-image"
        style="background-image: url("/images/Paperboat.png");"
      >
        <div
          style="height: 300px;"
        />
        <div
          class="Koros-module_koros__1r3rg koros"
        >
          <svg
            aria-hidden="true"
            height="85"
            width="100%"
            xmlns="http://www.w3.org/2000/svg"
          >
            <defs>
              <pattern
                height="85"
                id="koros_basic-2"
                patternUnits="userSpaceOnUse"
                width="96"
                x="0"
                y="0"
              >
                <path
                  d="m0 5v80h32v-80c-8 0-8-5-16-5s-8 5-16 5z"
                  transform="scale(3)"
                />
              </pattern>
            </defs>
            <rect
              fill="url(#koros_basic-2)"
              height="85"
              style="shape-rendering: crispEdges;"
              width="100%"
            />
          </svg>
        </div>
      </div>
      <div
        class="container default contentContainer"
      >
        <h1>
          Kiitos rekisteröitymisestä
        </h1>
        <div
          class="content"
        >
          <div>
            <h2>
              Rekisteröitymisesi odottaa käsittelyä
            </h2>
            <p>
              Saat sähköpostiisi ilmoituksen, kun käyttäjätilisi on aktivoitu.
            </p>
            <h3>
              Lisätietoja
            </h3>
            <address>
              kultus@hel.fi
              <br />
              Kultus
            </address>
          </div>
        </div>
      </div>
    </div>
  </div>
  <footer
    class="Footer-module_footer__1aD3T footer"
  >
    <div
      class="Koros-module_koros__1r3rg Footer-module_koros__Orx_W"
      style="height: 15px;"
    >
      <svg
        aria-hidden="true"
        height="85"
        width="100%"
        xmlns="http://www.w3.org/2000/svg"
      >
        <defs>
          <pattern
            height="85"
            id="koros_basic-1"
            patternUnits="userSpaceOnUse"
            width="96"
            x="0"
            y="0"
          >
            <path
              d="m0 5v80h32v-80c-8 0-8-5-16-5s-8 5-16 5z"
              transform="scale(3)"
            />
          </pattern>
        </defs>
        <rect
          fill="url(#koros_basic-1)"
          height="85"
          style="shape-rendering: crispEdges;"
          width="100%"
        />
      </svg>
    </div>
    <div
      class="Footer-module_footerContent__3MC14"
    >
      <div
        class="Footer-module_footerSections__2nrr8"
      >
        <h2
          class="Footer-module_title__269y7"
        >
          Kultus Admin
        </h2>
        <div
          class="FooterBase-module_base__2f0eu footerBase"
        >
          <hr
            aria-hidden="true"
            class="FooterBase-module_divider__3sz3q"
          />
          <div
            class="FooterBase-module_logoWrapper__3BI7d"
          >
            <a
              class="Link-module_link__TeBQo link_hds-link__5Oxo- Link-module_linkM__30gsY link_hds-link--medium__xEU_F FooterLink-module_item__3Ig3B"
              tabindex="0"
            >
              <img
                alt="Helsingin kaupunki"
                class="Logo-module_logo__Y2mwP Logo-module_medium__1zyWm"
                src="data:image/svg+xml;base64,PHN2ZyB2aWV3Qm94PSIwIDAgNzggMzYiIHRpdGxlPSJIZWxzaW5naW4ga2F1cHVua2kiIHJvbGU9ImltZyIgeG1sbnM9Imh0dHA6Ly93d3cudzMub3JnLzIwMDAvc3ZnIj4KICAgIDxwYXRoCiAgICAgICAgZD0iTTc1Ljc1MyAyLjI1MXYyMC43YzAgMy45NS0zLjI3NSA3LjE3OC03LjMxIDcuMTc4aC0yMi4yNmMtMi42NzQgMC01LjIwNS45Ni03LjE4MyAyLjczOWExMC43NDkgMTAuNzQ5IDAgMDAtNy4xODMtMi43NEg5LjUwOWMtNC4wMDMgMC03LjI0Ny0zLjIxLTcuMjQ3LTcuMTc3VjIuMjVoNzMuNDkxek00MC4xODcgMzQuODM1YTguNDcgOC40NyAwIDAxNi4wMTItMi40NzFoMjIuMjQ1YzUuMjY4IDAgOS41NTYtNC4yMTkgOS41NTYtOS40MTNWMEgwdjIyLjkzNWMwIDUuMTk0IDQuMjU2IDkuNDEzIDkuNTA5IDkuNDEzaDIyLjMwOGMyLjI2MyAwIDQuMzk4Ljg4MiA2LjAxMiAyLjQ3MUwzOS4wMTYgMzZsMS4xNy0xLjE2NXoiCiAgICAgICAgZmlsbD0iY3VycmVudENvbG9yIiAvPgogICAgPHBhdGgKICAgICAgICBkPSJNNjcuNTIyIDExLjY3NmMwIC42ODEtLjU1NiAxLjE3Ny0xLjI1NSAxLjE3Ny0uNyAwLTEuMjU1LS40OTYtMS4yNTUtMS4xNzcgMC0uNjgyLjU1Ni0xLjE3OCAxLjI1NS0xLjE3OC43LS4wMyAxLjI1NS40NjUgMS4yNTUgMS4xNzh6bS0yLjM1MiA5LjYyMmgyLjE3OHYtNy41NDZINjUuMTd2Ny41NDZ6bS0zLjkwOS00LjU1NmwyLjg0NSA0LjU1NmgtMi4zNjhsLTEuOTA3LTMuMDIyLTEuMDMzIDEuMjcxdjEuNzVoLTIuMTYxVjEwLjQ1M2gyLjE2djUuMDA0YzAgLjkzLS4xMSAxLjg2LS4xMSAxLjg2aC4wNDdzLjUwOS0uODIxLjkzOC0xLjQxbDEuNjUzLTIuMTU0aDIuNTQybC0yLjYwNiAyLjk5em0tNi44MTctLjI3OGMwLTEuODc1LS45MzgtMi44OTgtMi40MzItMi44OTgtMS4yNzEgMC0xLjkzOS43MjgtMi4zMiAxLjQyNmgtLjA0OGwuMTEyLTEuMjRoLTIuMTYydjcuNTQ2aDIuMTYyVjE2LjgyYzAtLjg2OC41MjQtMS40NzIgMS4zMzUtMS40NzIuODEgMCAxLjE2LjUyNyAxLjE2IDEuNTM0djQuNDE2aDIuMTc3bC4wMTYtNC44MzR6bS04LjkzMS00Ljc4OGMwIC42ODEtLjU1NyAxLjE3Ny0xLjI1NiAxLjE3Ny0uNyAwLTEuMjU1LS40OTYtMS4yNTUtMS4xNzcgMC0uNjgyLjU1Ni0xLjE3OCAxLjI1NS0xLjE3OC43MTUtLjAzIDEuMjU2LjQ2NSAxLjI1NiAxLjE3OHptLTIuMzUyIDkuNjIyaDIuMTc3di03LjU0Nkg0My4xNnY3LjU0NnptLTMuNzUtMi4xMDdjMC0uNjA1LS44NTktLjcyOS0xLjg2LTEuMDA4LTEuMTYtLjI5NC0yLjYyMi0uODY3LTIuNjIyLTIuMzA4IDAtMS40MjYgMS4zOTgtMi4zMjQgMy4wNTEtMi4zMjQgMS41NDEgMCAyLjk1Ni43MTIgMy41NDQgMS43MmwtMS44NiAxLjAyMmMtLjE5LS42NjYtLjc2Mi0xLjE5My0xLjYyLTEuMTkzLS41NTcgMC0xLjAxOC4yMzItMS4wMTguNjgyIDAgLjU3MyAxLjAxOC42MzUgMi4xNjIuOTkxIDEuMjA4LjM3MiAyLjMyLjkxNSAyLjMyIDIuMjk0IDAgMS41MTgtMS40NDYgMi40MTctMy4xMTUgMi40MTctMS44MTEgMC0zLjI0Mi0uNzQ0LTMuODc3LTEuOTUybDEuODktMS4wMzljLjI0LjgyMi45MjIgMS40NDEgMS45NTUgMS40NDEuNjIgMCAxLjA1LS4yNDggMS4wNS0uNzQzem0tNi44ODItOC42NzdoLTIuMTc3djguNjkyYzAgLjc3NS4xNzUgMS4zNDguNTA5IDEuNzA1LjM1LjM1Ni44OS41MjYgMS42MzYuNTI2LjI1NSAwIC41MjUtLjAzLjc4LS4wNzcuMjctLjA2Mi40NzYtLjE0LjY1LS4yMzNsLjE5MS0xLjQyNWEyLjA3IDIuMDcgMCAwMS0uNDYuMTI0Yy0uMTI4LjAzLS4yODcuMDMtLjQ2MS4wMy0uMjg2IDAtLjQxNC0uMDc3LS41MDktLjIxNi0uMTExLS4xNC0uMTU5LS4zODctLjE1OS0uNzQ0di04LjM4MnptLTcuMjQ2IDQuNTdjLS43OTUgMC0xLjQ0Ni41NTgtMS42MjEgMS41ODFoMy4wNWMuMDE3LS44OTktLjU4Ny0xLjU4LTEuNDMtMS41OHptMy4zNTMgMy4wMDdIMjMuNjNjLjA5NSAxLjIyNC43OTQgMS44MjggMS43IDEuODI4LjgxIDAgMS4zNjctLjUyNyAxLjQ5NC0xLjI0bDEuODI4IDEuMDA3Yy0uNTQuOTYxLTEuNyAxLjc5OC0zLjMyMiAxLjc5OC0yLjE2IDAtMy43NS0xLjQ3Mi0zLjc1LTMuOTUxIDAtMi40NjQgMS42Mi0zLjk1MSAzLjcwMy0zLjk1MSAyLjA4MSAwIDMuNDY0IDEuNDQgMy40NjQgMy40ODYtLjAxNi42MDQtLjExMSAxLjAyMy0uMTExIDEuMDIzem0tMTEuMDc3IDMuMjA3aDIuMjU3VjEwLjkxNmgtMi4yNTd2NC4xMDdoLTQuMjQzdi00LjA5MUgxMS4wNnYxMC4zNjZoMi4yNTZ2LTQuMjkyaDQuMjQzdjQuMjkyeiIKICAgICAgICBmaWxsPSJjdXJyZW50Q29sb3IiIC8+Cjwvc3ZnPg=="
              />
            </a>
          </div>
          <div
            class="FooterBase-module_copyright__2iiev"
          >
            <span>
              © 
              Copyright
               
              2025
            </span>
            <span
              class="FooterBase-module_copyrightDot__2AfS6"
            >
              •
            </span>
            <span>
              Kaikki oikeudet pidätetään
            </span>
          </div>
          <div
            class="FooterBase-module_baseActions__1hCiR"
          >
            <div
              class="FooterBase-module_links__3lfLo"
            >
              <span
                aria-hidden="true"
                class="FooterBase-module_separator__cwQTe"
              >
                |
              </span>
              <a
                class="Link-module_link__TeBQo link_hds-link__5Oxo- Link-module_linkM__30gsY link_hds-link--medium__xEU_F FooterLink-module_item__3Ig3B FooterLink-module_base__bzKoj"
                href="https://kultus.hel.fi/fi"
              >
                <span>
                  Kouluille ja päiväkodeille
                </span>
              </a>
              <span
                aria-hidden="true"
                class="FooterBase-module_separator__cwQTe"
              >
                |
              </span>
              <a
                class="Link-module_link__TeBQo link_hds-link__5Oxo- Link-module_linkM__30gsY link_hds-link--medium__xEU_F FooterLink-module_item__3Ig3B FooterLink-module_base__bzKoj"
                href="https://hkih.production.geniem.io/uploads/sites/5/2022/11/739f5edc-rekisteriseloste-kultus.fi_.pdf"
              >
                <span>
                  Rekisteriseloste
                </span>
              </a>
            </div>
            <button
              class="FooterBase-module_backToTopButton__hXTHm"
              role="link"
              type="button"
            >
              Takaisin alkuun
              <svg
                aria-hidden="true"
                aria-label="arrow-up"
                class="Icon-module_icon__1Jtzj icon_hds-icon__1YqNC Icon-module_s__2WGWe icon_hds-icon--size-s__2Lkik"
                role="img"
                viewBox="0 0 24 24"
                xmlns="http://www.w3.org/2000/svg"
              >
                <path
                  clip-rule="evenodd"
                  d="M12 3.5L18.5 10L17 11.5L13 7.5V20H11V7.5L7 11.5L5.5 10L12 3.5Z"
                  fill="currentColor"
                  fill-rule="evenodd"
                />
              </svg>
            </button>
          </div>
        </div>
      </div>
    </div>
  </footer>
</div>
`;
