// Jest Snapshot v1, https://goo.gl/fbAQLP

exports[`matches snapshot 1`] = `
<div>
  <div
    class="enrolmentDetails"
  >
    <div
      class="backButtonContainer"
    >
      <button
        aria-label="Palaa ilmoittautuneisiin"
      >
        <svg
          class="Icon-module_icon__1Jtzj icon_hds-icon__1YqNC Icon-module_s__2WGWe icon_hds-icon--size-s__2Lkik"
          role="img"
          viewBox="0 0 24 24"
          xmlns="http://www.w3.org/2000/svg"
        >
          <g
            fill="none"
            fill-rule="evenodd"
          >
            <rect
              height="24"
              width="24"
            />
            <polygon
              fill="currentColor"
              points="10 5.5 11.5 7 7.5 11 20 11 20 13 7.5 13 11.5 17 10 18.5 3.5 12"
            />
          </g>
        </svg>
      </button>
    </div>
    <div
      class="detailsSection"
    >
      <div
        class="topRow"
      >
        <div>
          <span
            class="enrolleesTitle"
          >
            Ilmoittautuneet
          </span>
        </div>
        <div
          class="actionButtons"
        >
          <button
            class="Button-module_button__1msFE button_hds-button__2A0je Button-module_secondary__1nABp button_hds-button--secondary__1NOWS declineButton actionButton"
            type="button"
          >
            <div
              aria-hidden="true"
              class="Button-module_icon__O-h7R button_hds-icon__17j8Z"
            >
              <svg
                class="Icon-module_icon__1Jtzj icon_hds-icon__1YqNC Icon-module_s__2WGWe icon_hds-icon--size-s__2Lkik"
                role="img"
                viewBox="0 0 24 24"
                xmlns="http://www.w3.org/2000/svg"
              >
                <g
                  fill="none"
                  fill-rule="evenodd"
                >
                  <rect
                    height="24"
                    width="24"
                  />
                  <polygon
                    fill="currentColor"
                    points="18 7.5 13.5 12 18 16.5 16.5 18 12 13.5 7.5 18 6 16.5 10.5 12 6 7.5 7.5 6 12 10.5 16.5 6"
                  />
                </g>
              </svg>
            </div>
            <span
              class="Button-module_label__a4np1 button_hds-button__label__2EQa-"
            >
              Jätä ilman paikkaa
            </span>
          </button>
          <button
            class="Button-module_button__1msFE button_hds-button__2A0je Button-module_secondary__1nABp button_hds-button--secondary__1NOWS editButton"
            type="button"
          >
            <div
              aria-hidden="true"
              class="Button-module_icon__O-h7R button_hds-icon__17j8Z"
            >
              <svg
                class="Icon-module_icon__1Jtzj icon_hds-icon__1YqNC Icon-module_s__2WGWe icon_hds-icon--size-s__2Lkik"
                role="img"
                viewBox="0 0 24 24"
                xmlns="http://www.w3.org/2000/svg"
              >
                <g
                  fill="none"
                  fill-rule="evenodd"
                >
                  <path
                    d="M0 0h24v24H0z"
                  />
                  <path
                    d="M16.75 3L4.5 15.25l.014 4.736L9.25 20 21.5 7.75 16.75 3zM6.5 16L16.75 5.75l2 2L8.5 18l-1.993-.006L6.5 16z"
                    fill="currentColor"
                  />
                </g>
              </svg>
            </div>
            <span
              class="Button-module_label__a4np1 button_hds-button__label__2EQa-"
            >
              Muokkaa
            </span>
          </button>
          <button
            class="Button-module_button__1msFE button_hds-button__2A0je Button-module_secondary__1nABp button_hds-button--secondary__1NOWS deleteButton actionButton"
            type="button"
          >
            <div
              aria-hidden="true"
              class="Button-module_icon__O-h7R button_hds-icon__17j8Z"
            >
              <svg
                class="Icon-module_icon__1Jtzj icon_hds-icon__1YqNC Icon-module_s__2WGWe icon_hds-icon--size-s__2Lkik"
                role="img"
                viewBox="0 0 24 24"
                xmlns="http://www.w3.org/2000/svg"
              >
                <g
                  fill="none"
                  fill-rule="evenodd"
                >
                  <rect
                    height="24"
                    width="24"
                  />
                  <path
                    d="M12,2 C17.5228475,2 22,6.4771525 22,12 C22,17.5228475 17.5228475,22 12,22 C6.4771525,22 2,17.5228475 2,12 C2,6.4771525 6.4771525,2 12,2 Z M12,4 C7.581722,4 4,7.581722 4,12 C4,16.418278 7.581722,20 12,20 C16.418278,20 20,16.418278 20,12 C20,7.581722 16.418278,4 12,4 Z M15,7.5 L16.5,9 L13.5,12 L16.5,15 L15,16.5 L12,13.5 L9,16.5 L7.5,15 L10.5,12 L7.5,9 L9,7.5 L12,10.5 L15,7.5 Z"
                    fill="currentColor"
                  />
                </g>
              </svg>
            </div>
            <span
              class="Button-module_label__a4np1 button_hds-button__label__2EQa-"
            >
              Poista
            </span>
          </button>
        </div>
      </div>
      <table
        class="detailsTable"
      >
        <tbody>
          <tr
            class="infoRow"
          >
            <td
              class="infoLabel"
            >
              Ilmoittautunut:
            </td>
            <td>
              14.08.2020 10:15
            </td>
          </tr>
          <tr
            class="infoRow"
          >
            <td
              class="infoLabel"
            >
              Tila:
            </td>
            <td>
              Hyväksytty
            </td>
          </tr>
          <tr
            class="infoRow spacingRow"
          >
            <td
              class="infoLabel"
            >
              Nimi:
            </td>
            <td>
              Ilmoittautuja
            </td>
          </tr>
          <tr
            class="infoRow"
          >
            <td
              class="infoLabel"
            >
              Sähköpostiosoite:
            </td>
            <td>
              ilmo@ilmoittautuja.com
            </td>
          </tr>
          <tr
            class="infoRow"
          >
            <td
              class="infoLabel"
            >
              Puhelinnumero:
            </td>
            <td>
              123321123
            </td>
          </tr>
          <tr
            class="infoRow spacingRow"
          >
            <td
              class="infoLabel"
            >
              Päiväkoti / koulu / oppilaitos:
            </td>
            <td>
              Yläaste
            </td>
          </tr>
          <tr
            class="infoRow"
          >
            <td
              class="infoLabel"
            >
              Ryhmän nimi:
            </td>
            <td>
              Ryhmän nimi
            </td>
          </tr>
          <tr
            class="infoRow"
          >
            <td
              class="infoLabel"
            >
              Luokka-aste:
            </td>
            <td>
              5. luokka
            </td>
          </tr>
          <tr
            class="infoRow"
          >
            <td
              class="infoLabel"
            >
              Lisätiedot:
            </td>
            <td>
              Lisätietoja tässä
            </td>
          </tr>
          <tr
            class="infoRow spacingRow"
          >
            <td
              class="infoLabel"
            >
              Vastuussa oleva aikuinen:
            </td>
            <td>
              Ilmoittautuja
            </td>
          </tr>
          <tr
            class="infoRow"
          >
            <td
              class="infoLabel"
            >
              Sähköpostiosoite:
            </td>
            <td>
              ilmo@ilmoittautuja.com
            </td>
          </tr>
          <tr
            class="infoRow"
          >
            <td
              class="infoLabel"
            >
              Puhelinnumero:
            </td>
            <td>
              123321123
            </td>
          </tr>
          <tr
            class="infoRow spacingRow"
          >
            <td
              class="infoLabel"
            >
              Tapahtumien ilmoitukset:
            </td>
            <td>
              Tekstiviestillä, sähköpostilla, kieli: suomi
            </td>
          </tr>
        </tbody>
      </table>
    </div>
  </div>
</div>
`;
